
> bungou-archive@0.1.0 build
> next build

  Γû▓ Next.js 14.2.5
  - Environments: .env.local

   Creating an optimized production build ...
node.exe : Failed to compile.
At line:1 char:1
+ & "C:\Program 
Files\nodejs/node.exe" "C:\Users
\Kanishk\AppData\Roamin ...
+ ~~~~~~~~~~~~~~~~~~~~~~~~~~~~~~
~~~~~~~~~~~~~~~~~~~~~~~~~~~~~~~~
~~~~~~~
    + CategoryInfo          : N 
   otSpecified: (Failed to com  
  pile.:String) [], RemoteExc   
 eption
    + FullyQualifiedErrorId : N 
   ativeCommandError
 

./app/layout.tsx
Module not found: Can't resolve 
'@/frontend/context/SoundContext
'

https://nextjs.org/docs/messages
/module-not-found


> Build failed because of 
webpack errors
