app/factions/page.tsx(8,9): error TS2322: Type '{ id: FactionId; name: string; name_jp: string; kanji: string; description: string; philosophy: string; theme: BSDTheme; color: string; is_joinable: boolean; is_hidden: boolean; ap: number; member_count: number; waitlist_count: number; slot_count: number; }[]' is not assignable to type 'Faction[]'.
  Property 'is_lore_locked' is missing in type '{ id: FactionId; name: string; name_jp: string; kanji: string; description: string; philosophy: string; theme: BSDTheme; color: string; is_joinable: boolean; is_hidden: boolean; ap: number; member_count: number; waitlist_count: number; slot_count: number; }' but required in type 'Faction'.
backend/models/archive.model.ts(7,3): error TS2741: Property 'class_tag' is missing in type '{ id: string; slug: string; character_name: string; character_name_jp: string | null; faction: FactionId; ability_name: string; ability_name_jp: string | null; ability_type: AbilityType | null; ... 22 more ...; created_at: string; }' but required in type 'ArchiveEntry'.
frontend/components/character/CharCard.tsx(109,22): error TS2339: Property 'kanji_symbol' does not exist on type 'Character'.
frontend/components/character/CharCard.tsx(111,26): error TS2339: Property 'role_id' does not exist on type 'Character'.
frontend/components/character/CharCard.tsx(111,53): error TS2339: Property 'role_id' does not exist on type 'Character'.
frontend/components/character/CharCard.tsx(111,70): error TS2339: Property 'role_id' does not exist on type 'Character'.
frontend/components/character/CharCard.tsx(141,15): error TS2339: Property 'name_jp' does not exist on type 'Character'.
frontend/components/character/CharCard.tsx(147,15): error TS2339: Property 'name_reading' does not exist on type 'Character'.
frontend/components/character/CharCard.tsx(157,17): error TS2339: Property 'ability_name' does not exist on type 'Character'.
frontend/components/character/CharCard.tsx(159,37): error TS2339: Property 'ability_type' does not exist on type 'Character'.
frontend/components/character/CharCard.tsx(165,15): error TS2339: Property 'ability_name_jp' does not exist on type 'Character'.
frontend/components/character/CharCard.tsx(181,15): error TS2339: Property 'description' does not exist on type 'Character'.
frontend/components/character/CharCard.tsx(184,41): error TS2339: Property 'quote' does not exist on type 'Character'.
frontend/components/character/CharCard.tsx(190,15): error TS2339: Property 'real_author' does not exist on type 'Character'.
frontend/components/character/CharCard.tsx(190,35): error TS2339: Property 'real_author_years' does not exist on type 'Character'.
frontend/components/character/CharCard.tsx(190,63): error TS2339: Property 'notable_works' does not exist on type 'Character'.
frontend/components/character/CharCard.tsx(194,44): error TS2339: Property 'stat_power' does not exist on type 'Character'.
frontend/components/character/CharCard.tsx(195,44): error TS2339: Property 'stat_intel' does not exist on type 'Character'.
frontend/components/character/CharCard.tsx(196,46): error TS2339: Property 'stat_loyalty' does not exist on type 'Character'.
frontend/components/character/CharCard.tsx(197,46): error TS2339: Property 'stat_control' does not exist on type 'Character'.
frontend/components/character/CharCard.tsx(201,63): error TS2339: Property 'real_author' does not exist on type 'Character'.
frontend/components/character/CharCard.tsx(202,21): error TS2339: Property 'real_author_years' does not exist on type 'Character'.
frontend/components/character/CharCard.tsx(204,15): error TS2339: Property 'author_note' does not exist on type 'Character'.
frontend/components/profile/ProfileExperience.tsx(78,3): error TS2339: Property 'war_strike' does not exist on type '{ quiz_complete: string; faction_assignment: string; character_assigned: string; exam_retake: string; duel_accepted: string; duel_complete: string; arena_vote: string; lore_post: string; ... 19 more ...; join_faction: string; }'.
tmp/check_districts.ts(1,31): error TS2307: Cannot find module './backend/models/district.model' or its corresponding type declarations.
tmp/check_districts.ts(7,23): error TS7006: Parameter 'd' implicitly has an 'any' type.
