backend/models/faction-war.model.ts(65,26): error TS2339: Property 'create' does not exist on type '{ getAll(): Promise<ChronicleEntry[]>; getPublished(): Promise<ChronicleEntry[]>; }'.
backend/models/faction-war.model.ts(199,26): error TS2339: Property 'create' does not exist on type '{ getAll(): Promise<ChronicleEntry[]>; getPublished(): Promise<ChronicleEntry[]>; }'.
frontend/components/faction/FactionPrivateSpace.tsx(1000,23): error TS2304: Cannot find name 'onDeclareWar'.
